border_size=1
usage=map

Xu          , Xu          , Xu          , Xu          , Xu          , Xu          , Xu          , Xu          , Xu          , Xu          , Xu          , Xu          , Xu          , Xu          , Xu          , Xu          , Xu          , Xu          , Xu          , Xu          , Xu          , Xu          , Xu          , Xu          , Xu          , Xu          , Xu          , Xu          , Xu          , Uu^Ii       , Rrc^Ii      , Uu^Ii       , Uu^Ii       , Uu^Ii       , Uu^Ii       , Xu          , Xu          , Xu          , Xu          , Xu          , Xu          , Xu          
Xu          , Xu          , Xu          , Xu          , Xu          , Xu          , Xu          , Xu          , Xu          , Xu          , Xu          , Xu          , Uh          , Xu          , Xu          , Xu          , Uu^Uf       , Xu          , Xu          , Xu          , Xu          , Xu          , Xu          , Xu          , Xu          , Xu          , Xu          , Xu          , Xu          , Uu^Ii       , Uu^Ii       , Rrc^Ii      , Uu^Ii       , Uu^Ii       , Uu^Ii       , Xu          , Xu          , Xu          , Xu          , Xu          , Xu          , Xu          
Xu          , Xu          , Xu          , Xu          , Uh          , Uh          , Cud         , Uu          , Uu          , Xu          , Uu          , Uh          , Uu^Uf       , Uh          , Uu          , Uu^Uf       , Uu^Uf       , Uu^Uf       , Uh          , Xu          , Xu          , Xu          , Xu          , Xu          , Xu          , Xu          , Xu          , Xu          , Xu          , Xu          , Ce          , Ce^Ii       , Ce^Ii       , Uu^Ii       , Uh          , Xu          , Xu          , Xu          , Xu          , Xu          , Xu          , Xu          
Xu          , Xu          , Xu          , Xu          , Uu          , Cud         , 3 Kud       , Cud         , Uu          , Uu^Vu       , Uu          , Uu          , Uu          , Uu          , Uu          , Uu^Vu       , Uu          , Uu^Uf       , Uh          , Xu          , Xu          , Xu          , Xu          , Xu          , Xu          , Xu          , Uh          , Xu          , Uh          , Xu          , Ce          , 1 Ke        , Ce          , Uh          , Xu          , Xu          , Xu          , Xu          , Xu          , Xu          , Xu          , Xu          
Xu          , Xu          , Xu          , Uu^Uf       , Uu^Uf       , Cud         , Cud         , Cud         , Uu          , Uu          , Uu          , Uu          , Uu          , Uu          , Cud         , Uu          , Uu          , Uu          , Xu          , Xu          , Xu          , Xu          , Uh          , Xu          , Uu^Uf       , Uu^Uf       , Uu          , Uh          , Uu          , Uu          , Rrc         , Ce          , Uu          , Uh          , Xu          , Xu          , Xu          , Xu          , Xu          , Xu          , Xu          , Xu          
Xu          , Xu          , Xu          , Uh          , Uu^Uf       , Uu          , Uu          , Uu          , Xu          , Xu          , Ur          , Cud         , Xu          , Xu          , Xu          , Xu          , Xu          , Ur          , Uh          , Xu          , Uu^Vu       , Uh          , Uu          , Uu          , Uu          , Uu          , Rrc         , Uu          , Rrc         , Uu          , Uu          , Uu          , Uu^Uf       , Uu^Uf       , Xu          , Xu          , Xu          , Xu          , Xu          , Xu          , Xu          , Xu          
Xu          , Xu          , Xu          , Uh          , Uh          , Uu          , Uu          , Cud         , Xu          , Xu          , Uh          , Xu          , Uh          , Xu          , Uu          , Uu          , Uu          , Uh          , Rrc         , Uu          , Uu          , Rrc         , Rrc         , Rrc         , Uu          , Uu          , Xu          , Rrc         , Xu          , Uu          , Xu          , Xu          , Xu          , Xu          , Xu          , Xu          , Xu          , Xu          , Xu          , Xu          , Xu          , Xu          
Xu          , Xu          , Xu          , Xu          , Xu          , Xu          , Xu          , Ur          , Uu^Uf       , Uu          , Uu          , Uh          , Uu          , Uu          , Rrc         , Rrc         , Uu          , Uu          , Rrc         , Uu          , Uh          , Uu          , Uu          , Uu          , Xu          , Xu          , Xu          , Xu          , Xu          , Xu          , Xu          , Xu          , Xu          , Xu          , Uu          , Uu          , Uu          , Uu          , Uu          , Xu          , Xu          , Xu          
Xu          , Xu          , Xu          , Xu          , Xu          , Xu          , Xu          , Uu^Uf       , Uu          , Uu          , Rrc         , Rrc         , Uu          , Uu          , Uu          , Uu          , Xu          , Rrc         , Xu          , Uh          , Xu          , Uh          , Xu          , Xu          , Xu          , Xu          , Xu          , Xu          , Xu          , Xu          , Xu          , Xu          , Uu          , Uu          , Xu          , Xu          , Xu          , Uu          , Uu          , Xu          , Xu          , Xu          
Xu          , Xu          , Xu          , Xu          , Xu          , Xu          , Uh          , Uu          , Uu          , Uu          , Uu          , Uu          , Xu          , Uu          , Ur          , Xu          , Cud         , Xu          , Xu          , Ur          , Xu          , Xu          , Xu          , Xu          , Xu          , Xu          , Xu          , Xu          , Xu          , Xu          , Xu          , Xu          , Uu          , Xu          , Uu          , Xu          , Uu          , Uu          , Xu          , Uu          , Xu          , Xu          
Xu          , Xu          , Xu          , Xu          , Xu          , Xu          , Uh          , Uu^Vu       , Rrc         , Uu          , Xu          , Xu          , Xu          , Xu          , Uu          , Uu          , Uu          , Uu          , Uu          , Uu          , Uu          , Xu          , Xu          , Xu          , Xu          , Xu          , Xu          , Xu          , Xu          , Xu          , Uh          , Uh          , Uu          , Xu          , Uu          , Xu          , Uu          , Xu          , Xu          , Uu          , Xu          , Xu          
Xu          , Xu          , Xu          , Xu          , Xu          , Xu          , Xu          , Uh          , Rrc         , Uu          , Xu          , Xu          , Uu          , Uu          , Uu          , Uu          , Cud         , Cud         , Cud         , Uu          , Uu          , Cud         , Xu          , Xu          , Xu          , Xu          , Xu          , Xu          , Xu          , Xu          , Uh          , Uu^Uf       , Uu          , Xu          , Xu          , Uu          , Xu          , Xu          , Uh          , Uh          , Xu          , Xu          
Xu          , Xu          , Xu          , Xu          , Xu          , Xu          , Xu          , Uh          , Uu          , Uu          , Xu          , Xu          , Uu          , Uu^Vu       , Uu          , Cud         , Uu^Uf       , Uu^Uf       , 2 Kud       , Cud         , Uu^Vu       , Uu          , Xu          , Xu          , Xu          , Xu          , Xu          , Xu          , Xu          , Xu          , Xu          , Uh          , Xu          , Uu          , Uu          , Xu          , Xu          , Xu          , Uh          , Xu          , Xu          , Xu          
Xu          , Xu          , Xu          , Xu          , Xu          , Xu          , Xu          , Uu          , Rrc         , Uu          , Xu          , Xu          , Xu          , Uu          , Uu          , Cud         , Cud         , Uu^Uf       , Cud         , Cud         , Uu          , Uu          , Xu          , Xu          , Xu          , Xu          , Xu          , Xu          , Xu          , Xu          , Xu          , Xu          , Xu          , Xu          , Xu          , Uu          , Uu          , Uu          , Xu          , Xu          , Xu          , Xu          
Xu          , Xu          , Xu          , Xu          , Xu          , Xu          , Xu          , Uu          , Rrc         , Uu          , Xu          , Xu          , Xu          , Uu          , Uu          , Uu          , Uu          , Cud         , Uu          , Uu          , Uh          , Xu          , Xu          , Xu          , Xu          , Xu          , Xu          , Xu          , Xu          , Xu          , Xu          , Xu          , Uh          , Xu          , Xu          , Xu          , Xu          , Xu          , Xu          , Xu          , Xu          , Xu          
Xu          , Xu          , Xu          , Xu          , Xu          , Xu          , Xu          , Uu          , Uu          , Rrc         , Uu          , Xu          , Xu          , Xu          , Xu          , Uu          , Uu          , Uu^Vu       , Uu          , Uh          , Xu          , Xu          , Xu          , Xu          , Xu          , Xu          , Xu          , Xu          , Uu^Vu       , Uh          , Uh          , Uh          , Uu          , Uu          , Uu          , Xu          , Xu          , Xu          , Xu          , Xu          , Xu          , Xu          
Xu          , Xu          , Xu          , Xu          , Xu          , Xu          , Xu          , Uh          , Uh          , Uu          , Uu          , Uu          , Uu          , Xu          , Xu          , Cud         , Cud         , Uu          , Uh          , Uh          , Xu          , Xu          , Uu^Uf       , Xu          , Uh          , Uh          , Uu          , Uu          , Uu          , Uu          , Uu          , Uu          , Uu          , Rrc         , Rrc         , Uu          , Uu          , Uh          , Uh          , Xu          , Xu          , Xu          
Xu          , Xu          , Xu          , Xu          , Xu          , Xu          , Uh          , Ur          , Xu          , Uh          , Uu          , Rrc         , Rrc         , Uu          , Uh          , Ur          , Xu          , Xu          , Xu          , Xu          , Uu          , Uu          , Uu          , Uu          , Uu          , Uu          , Uu          , Rrc         , Rrc         , Rrc         , Uu          , Uu          , Xu          , Uu          , Uu          , Rrc         , Uu          , Uu          , Uh          , Xu          , Xu          , Xu          
Xu          , Xu          , Xu          , Xu          , Xu          , Uh          , Uu          , Uu          , Cud         , Xu          , Uu^Vu       , Uu          , Rrc         , Uu          , Uu          , Uh          , Uh          , Uh          , Uu          , Uu          , Uu          , Rrc         , Rrc         , Uu          , Rrc         , Uu          , Uu^Uf       , Uu          , Uu          , Uu          , Xu          , Xu          , Xu          , Xu          , Xu          , Uu          , Uu          , Uu          , Uu          , Uh          , Xu          , Xu          
Xu          , Xu          , Xu          , Xu          , Uu^Uf       , Uu          , Cud         , Uu          , Uu          , Xu          , Xu          , Uu          , Uu          , Uu          , Uu          , Rrc         , Rrc         , Rrc         , Uu          , Uu          , Uu          , Uu          , Xu          , Rrc         , Ur          , Xu          , Xu          , Uu^Uf       , Xu          , Ur          , Uu          , Xu          , Uh          , Xu          , Xu          , Uu^Uf       , Uu          , Rrc         , Uu          , Uh          , Xu          , Xu          
Xu          , Xu          , Xu          , Uu^Uf       , Uu^Uf       , Cud         , 4 Kud       , Uu          , Uu^Vu       , Uu          , Uu          , Ur          , Xu          , Xu          , Xu          , Uu          , Uu          , Uu          , Uu          , Uu^Vu       , Uh          , Xu          , Xu          , Xu          , Uh          , Uh          , Uu          , Xu          , 5 Kud       , Cud         , Uu^Vu       , Uu          , Uu^Uf       , Uh          , Xu          , Xu          , Uu          , Rrc         , Uu          , Xu          , Xu          , Xu          
Xu          , Xu          , Xu          , Uu^Uf       , Uu          , Cud         , Cud         , Uu          , Uu          , Uu          , Uu          , Uu          , Xu          , Xu          , Xu          , Xu          , Xu          , Xu          , Xu          , Uh          , Xu          , Xu          , Xu          , Xu          , Uh          , Uu^Uf       , Uu          , Cud         , Cud         , Cud         , Uu          , Uu          , Uh          , Uh          , Xu          , Xu          , Uu          , Uu          , Uu^Uf       , Xu          , Xu          , Xu          
Xu          , Xu          , Xu          , Xu          , Uh          , Uu          , Uu          , Uu          , Uu          , Uu          , Uu          , Cud         , Xu          , Xu          , Xu          , Xu          , Xu          , Xu          , Xu          , Xu          , Xu          , Xu          , Xu          , Xu          , Xu          , Uh          , Xu          , Uu          , Uu          , Uu          , Xu          , Xu          , Ur          , Xu          , Xu          , Uu^Uf       , Uu          , Uu          , Uu^Uf       , Xu          , Xu          , Xu          
Xu          , Xu          , Xu          , Xu          , Xu          , Uh          , Xu          , Cud         , Xu          , Ur          , Xu          , Xu          , Xu          , Xu          , Uu          , Xu          , Uu          , Uu^Vu       , Uu          , Xu          , Uu          , Xu          , Xu          , Xu          , Xu          , Xu          , Xu          , Xu          , Ur          , Xu          , Xu          , Xu          , Uu          , Xu          , Uu          , Uu          , Uu          , Uh          , Xu          , Xu          , Xu          , Xu          
Xu          , Xu          , Xu          , Xu          , Xu          , Xu          , Xu          , Xu          , Uh          , Uh          , Uu          , Uu          , Uu          , Uu          , Rrc         , Uu          , Rrc         , Uu          , Uu          , Uu          , Rrc         , Uu          , Uu          , Uu^Vu       , Uu          , Xu          , Uh          , Xu          , Uh          , Uh          , Uu          , Uu          , Uu          , Uu          , Rrc         , Rrc         , Uu          , Uh          , Xu          , Xu          , Xu          , Xu          
Xu          , Xu          , Xu          , Xu          , Xu          , Xu          , Xu          , Uh          , Uu          , Uu          , Rrc         , Uu          , Uu          , Uu          , Uu          , Rrc         , Uh          , Uh          , Uh          , Rrc         , Uu          , Rrc         , Uu          , Uu          , Rrc         , Uu          , Uu          , Uh          , Rrc         , Rrc         , Rrc         , Uu          , Uu          , Uu          , Uu          , Uu          , Xu          , Xu          , Xu          , Xu          , Xu          , Xu          
Xu          , Xu          , Xu          , Xu          , Xu          , Xu          , Uu          , Uu          , Rrc         , Rrc         , Uu          , Uu          , Uu^Vu       , Uu          , Xu          , Xu          , Xu          , Xu          , Xu          , Uh          , Xu          , Uu          , Uu^Uf       , Uu          , Uu          , Rrc         , Uu          , Uu          , Uu          , Uu          , Uu          , Uu          , Xu          , Uu^Vu       , Xu          , Xu          , Xu          , Xu          , Xu          , Xu          , Xu          , Xu          
Xu          , Xu          , Xu          , Xu          , Xu          , Xu          , Uu          , Uu          , Rrc         , Uu          , Xu          , Xu          , Xu          , Xu          , Uu          , Uu          , Uu          , Xu          , Xu          , Xu          , Uh          , Xu          , Xu          , Uu^Uf       , Xu          , Uu          , Xu          , Uu          , Xu          , Xu          , Xu          , Xu          , Xu          , Xu          , Xu          , Xu          , Xu          , Xu          , Xu          , Xu          , Xu          , Xu          
Xu          , Xu          , Xu          , Xu          , Xu          , Xu          , Uu          , Uu          , Uu          , Xu          , Xu          , Xu          , Xu          , Uh          , Cud         , Cud         , Cud         , Uu          , Uu          , Uh          , Uu          , Uh          , Xu          , Xu          , Xu          , Xu          , Xu          , Xu          , Xu          , Xu          , Xu          , Xu          , Xu          , Xu          , Xu          , Xu          , Xu          , Xu          , Xu          , Xu          , Xu          , Xu          
Xu          , Xu          , Xu          , Xu          , Xu          , Xu          , Uu          , Uu          , Uu          , Xu          , Xu          , Xu          , Uh          , Uh          , Cud         , 6 Kud       , Cud         , Uu          , Uu          , Uu          , Uu^Vu       , Uu          , Uu          , Xu          , Xu          , Xu          , Xu          , Xu          , Xu          , Xu          , Xu          , Xu          , Xu          , Xu          , Xu          , Xu          , Xu          , Xu          , Xu          , Xu          , Xu          , Xu          
Xu          , Xu          , Xu          , Xu          , Xu          , Uu^Uf       , Uu          , Rrc         , Uu          , Xu          , Xu          , Xu          , Uu          , Uu          , Uu          , Cud         , Uu          , Uu          , Uu          , Uu          , Uu          , Uu          , Uu          , Xu          , Xu          , Xu          , Xu          , Xu          , Xu          , Xu          , Xu          , Xu          , Xu          , Xu          , Xu          , Xu          , Xu          , Xu          , Xu          , Xu          , Xu          , Xu          
Xu          , Xu          , Xu          , Xu          , Xu          , Uu^Uf       , Uu          , Rrc         , Uu          , Uh          , Xu          , Uu          , Uu^Vu       , Uu          , Uu          , Uu          , Xu          , Xu          , Xu          , Uu          , Xu          , Uu          , Ur          , Xu          , Xu          , Xu          , Xu          , Xu          , Xu          , Xu          , Uu^Uf       , Xu          , Xu          , Xu          , Xu          , Xu          , Xu          , Xu          , Xu          , Xu          , Xu          , Xu          
Xu          , Xu          , Xu          , Xu          , Xu          , Uh          , Uu          , Uu          , Uu          , Uh          , Xu          , Uu          , Uu          , Uu          , Uu          , Uu          , Xu          , Xu          , Xu          , Xu          , Uu^Uf       , Xu          , Uu          , Xu          , Uu          , Xu          , Xu          , Xu          , Uu          , Uu^Uf       , Uu          , Uu          , Uu          , Xu          , Xu          , Xu          , Xu          , Xu          , Xu          , Xu          , Xu          , Xu          
Xu          , Xu          , Xu          , Xu          , Xu          , Uh          , Uh          , Uu          , Uu          , Uu          , Uu          , Ur          , Xu          , Xu          , Xu          , Ur          , Uu          , Uu          , Uu          , Uu          , Uu          , Uu          , Rrc         , Uu          , Uu          , Uu          , Uu          , Uu          , Rrc         , Uu          , Uu          , Rrc         , Rrc         , Uu          , Uu          , Xu          , Xu          , Xu          , Xu          , Xu          , Xu          , Xu          
Xu          , Xu          , Xu          , Xu          , Xu          , Xu          , Uh          , Rrc         , Rrc         , Rrc         , Uu          , Uu          , Uu          , Uu          , Uu          , Uu          , Uu          , Rrc         , Rrc         , Rrc         , Uu          , Uu          , Uu          , Rrc         , Rrc         , Uu          , Uu          , Rrc         , Uu^Vu       , Uu          , Xu          , Uu          , Uu          , Uu          , Uu          , Xu          , Xu          , Xu          , Xu          , Xu          , Xu          , Xu          
Xu          , Xu          , Xu          , Xu          , Xu          , Xu          , Xu          , Uu^Vu       , Uu          , Uu          , Uu          , Uu          , Rrc         , Rrc         , Rrc         , Uu          , Uu          , Uu          , Uu          , Uu          , Uh          , Uh          , Xu          , Uh          , Uh          , Uh          , Xu          , Uu          , Xu          , Xu          , Xu          , Xu          , Uu^Uf       , Uu          , Rrc         , Uu          , Xu          , Xu          , Xu          , Xu          , Xu          , Xu          
Xu          , Xu          , Xu          , Xu          , Xu          , Xu          , Xu          , Xu          , Xu          , Uu^Uf       , Uu^Uf       , Uu          , Uh          , Uh          , Uh          , Uu          , Xu          , Xu          , Xu          , Xu          , Xu          , Xu          , Xu          , Xu          , Xu          , Xu          , Xu          , Xu          , Xu          , Xu          , Xu          , Xu          , Xu          , Uu          , Rrc         , Uu          , Xu          , Xu          , Xu          , Xu          , Xu          , Xu          
Xu          , Xu          , Xu          , Xu          , Xu          , Xu          , Xu          , Xu          , Xu          , Xu          , Xu          , Xu          , Xu          , Xu          , Xu          , Xu          , Xu          , Xu          , Xu          , Xu          , Xu          , Xu          , Xu          , Xu          , Xu          , Xu          , Xu          , Xu          , Xu          , Xu          , Xu          , Xu          , Xu          , Uu          , Uu          , Uu          , Xu          , Xu          , Xu          , Xu          , Xu          , Xu          
Xu          , Xu          , Xu          , Xu          , Xu          , Xu          , Xu          , Xu          , Xu          , Xu          , Xu          , Xu          , Xu          , Xu          , Xu          , Xu          , Xu          , Xu          , Xu          , Xu          , Xu          , Xu          , Xu          , Xu          , Xu          , Xu          , Xu          , Xu          , Xu          , Xu          , Uh          , Xu          , Uu^Vu       , Uu          , Uu          , Uu          , Xu          , Xu          , Xu          , Xu          , Xu          , Xu          
Xu          , Xu          , Xu          , Xu          , Xu          , Xu          , Xu          , Xu          , Xu          , Xu          , Xu          , Xu          , Xu          , Xu          , Xu          , Xu          , Xu          , Xu          , Xu          , Xu          , Xu          , Xu          , Uu          , Uu^Vu       , Uu          , Uu          , Uu          , Uh          , Uh          , Uh          , Uu          , Rrc         , Rrc         , Rrc         , Uu          , Uu          , Ur          , Xu          , Xu          , Xu          , Xu          , Xu          
Xu          , Xu          , Xu          , Xu          , Xu          , Xu          , Xu          , Xu          , Xu          , Xu          , Xu          , Xu          , Xu          , Xu          , Xu          , Xu          , Xu          , Xu          , Xu          , Xu          , Uu          , Uu          , Rrc         , Rrc         , Uu          , Uu          , Rrc         , Uu          , Rrc         , Uu          , Uu          , Uu          , Uu          , Uu          , Xu          , Xu          , Uu          , Uu^Uf       , Uu^Uf       , Xu          , Xu          , Xu          
Xu          , Xu          , Xu          , Xu          , Xu          , Xu          , Xu          , Xu          , Xu          , Xu          , Xu          , Xu          , Xu          , Xu          , Uu^Uf       , Uu^Uf       , Uu          , Uu          , Uu          , Uu          , Uu          , Rrc         , Uu          , Uu          , Uu^Uf       , Uu^Uf       , Xu          , Rrc         , Uu          , Uu          , Xu          , Xu          , Ur          , Xu          , Xu          , Xu          , Uu          , Uu^Uf       , Uu          , Xu          , Xu          , Xu          
Xu          , Xu          , Xu          , Xu          , Xu          , Xu          , Xu          , Xu          , Xu          , Xu          , Xu          , Xu          , Uu          , Uu          , Uu          , Uu          , Rrc         , Rrc         , Rrc         , Uu          , Uu          , Uu          , Xu          , Xu          , Xu          , Xu          , Xu          , Xu          , Xu          , Xu          , Xu          , Xu          , Uu          , Uu          , Cud         , Uu          , Uu          , Uu          , Uu^Vu       , Uh          , Xu          , Xu          
Xu          , Xu          , Xu          , Xu          , Uu^Uf       , Xu          , Uh          , Uh          , Uh          , Xu          , Xu          , Xu          , Uu          , Rrc         , Uu          , Uu          , Uh          , Uh          , Uh          , Uh          , Xu          , Xu          , Xu          , Xu          , Xu          , Xu          , Xu          , Xu          , Xu          , Xu          , Xu          , Uu          , Uu^Vu       , Cud         , 8 Kud       , Cud         , Uu          , Uu          , Uh          , Uh          , Xu          , Xu          
Xu          , Xu          , Xu          , Uu^Uf       , Uu^Uf       , Uu          , Uu          , Uu          , Uu^Vu       , Uu          , Ur          , Uu          , Rrc         , Rrc         , Xu          , Xu          , Xu          , Xu          , Xu          , Xu          , Xu          , Xu          , Xu          , Xu          , Xu          , Xu          , Xu          , Xu          , Xu          , Xu          , Uh          , Uu          , Uu          , Cud         , Cud         , Cud         , Uu          , Xu          , Xu          , Xu          , Xu          , Xu          
Xu          , Xu          , Uu          , Uu          , Uu          , Uu          , Cud         , Uu          , Uu          , Uu          , Xu          , Uu          , Uu          , Uu          , Xu          , Xu          , Xu          , Xu          , Xu          , Xu          , Xu          , Xu          , Xu          , Xu          , Xu          , Xu          , Xu          , Xu          , Xu          , Xu          , Uh          , Uu^Uf       , Uu          , Uu          , Uu^Uf       , Uu          , Uu          , Xu          , Xu          , Xu          , Xu          , Xu          
Xu          , Xu          , Uh          , Uu^Vu       , Uu          , Cud         , 7 Kud       , Cud         , Uu          , Xu          , Xu          , Uh          , Uu          , Uu          , Uu          , Xu          , Xu          , Xu          , Xu          , Xu          , Xu          , Xu          , Xu          , Xu          , Xu          , Xu          , Xu          , Xu          , Xu          , Xu          , Xu          , Uh          , Uu^Vu       , Uu          , Uu^Uf       , Uu^Uf       , Xu          , Xu          , Xu          , Xu          , Xu          , Xu          
Xu          , Xu          , Uh          , Uu          , Uu          , Cud         , Cud         , Cud         , Uu          , Xu          , Ur          , Uh          , Uh          , Rrc         , Rrc         , Uu          , Uu          , Uh          , Uh          , Xu          , Uh          , Xu          , Uu^Uf       , Xu          , Xu          , Xu          , Xu          , Xu          , Xu          , Xu          , Xu          , Xu          , Xu          , Xu          , Xu          , Xu          , Xu          , Xu          , Xu          , Xu          , Xu          , Xu          
Xu          , Xu          , Xu          , Uh          , Xu          , Uu          , Uu          , Uu          , Uu^Uf       , Uh          , Xu          , Xu          , Xu          , Uu          , Uu          , Rrc         , Uu          , Uu          , Rrc         , Uh          , Rrc         , Uu          , Uu          , Uu          , Uu          , Xu          , Xu          , Xu          , Xu          , Xu          , Xu          , Xu          , Xu          , Xu          , Xu          , Xu          , Xu          , Xu          , Xu          , Xu          , Xu          , Xu          
Xu          , Xu          , Xu          , Xu          , Xu          , Xu          , Uu^Uf       , Uu          , Uh          , Uh          , Xu          , Xu          , Xu          , Xu          , Xu          , Uu          , Uu^Uf       , Uu          , Uu          , Rrc         , Uu          , Uu          , Uu          , Rrc         , Rrc         , Uh          , Xu          , Xu          , Xu          , Xu          , Xu          , Xu          , Xu          , Xu          , Xu          , Xu          , Xu          , Xu          , Xu          , Xu          , Xu          , Xu          
Xu          , Xu          , Xu          , Xu          , Xu          , Xu          , Xu          , Uu^Uf       , Xu          , Xu          , Xu          , Xu          , Xu          , Xu          , Xu          , Xu          , Xu          , Xu          , Xu          , Uu          , Xu          , Uu^Vu       , Xu          , Uu          , Rrc         , Uh          , Uh          , Xu          , Xu          , Xu          , Xu          , Xu          , Xu          , Xu          , Xu          , Xu          , Xu          , Xu          , Xu          , Xu          , Xu          , Xu          
Xu          , Xu          , Xu          , Xu          , Xu          , Xu          , Xu          , Xu          , Xu          , Xu          , Xu          , Xu          , Xu          , Xu          , Xu          , Xu          , Xu          , Xu          , Xu          , Xu          , Xu          , Xu          , Xu          , Uu          , Rrc         , Uu          , Uu          , Xu          , Xu          , Xu          , Xu          , Xu          , Xu          , Xu          , Xu          , Xu          , Xu          , Xu          , Xu          , Xu          , Xu          , Xu          
